// Vitest Snapshot v1, https://vitest.dev/guide/snapshot.html

exports[`number extras > number snapshot 1`] = `42`;
