// Vitest Snapshot v1, https://vitest.dev/guide/snapshot.html

exports[`Object extras > markup should match snapshot 1`] = `"<div>Hello, World!</div>"`;
