// Vitest Snapshot v1, https://vitest.dev/guide/snapshot.html

exports[`string matches using regex > string snapshot 1`] = `"This is a snapshot test and it shouldn't be change"`;
